#-----------------------------------------------------------
# Vivado v2024.1 (64-bit)
# SW Build 5076996 on Wed May 22 18:37:14 MDT 2024
# IP Build 5075265 on Wed May 22 21:45:21 MDT 2024
# SharedData Build 5076995 on Wed May 22 18:29:18 MDT 2024
# Start of session at: Sun Dec  8 20:28:56 2024
# Process ID: 6368
# Current directory: C:/finalhw/finalhwproj/finalhwproj.runs/synth_1
# Command line: vivado.exe -log top.vds -product Vivado -mode batch -messageDb vivado.pb -notrace -source top.tcl
# Log file: C:/finalhw/finalhwproj/finalhwproj.runs/synth_1/top.vds
# Journal file: C:/finalhw/finalhwproj/finalhwproj.runs/synth_1\vivado.jou
# Running On        :LAPTOP-PGMPJ7K0
# Platform          :Windows Server 2016 or Windows 10
# Operating System  :22631
# Processor Detail  :AMD Ryzen 7 5800H with Radeon Graphics         
# CPU Frequency     :3194 MHz
# CPU Physical cores:8
# CPU Logical cores :16
# Host memory       :14877 MB
# Swap memory       :2281 MB
# Total Virtual     :17158 MB
# Available Virtual :6009 MB
#-----------------------------------------------------------
source top.tcl -notrace
